// Jest Snapshot v1, https://goo.gl/fbAQLP

exports[`structure should generate *.js and *.d.ts files when emitTranspiledCode is set to true: structure 1`] = `
"
[type-graphql]
  enhance.d.ts
  enhance.js
  [enums]
    Color.enum.d.ts
    Color.enum.js
    PostScalarFieldEnum.enum.d.ts
    PostScalarFieldEnum.enum.js
    QueryMode.enum.d.ts
    QueryMode.enum.js
    SortOrder.enum.d.ts
    SortOrder.enum.js
    UserScalarFieldEnum.enum.d.ts
    UserScalarFieldEnum.enum.js
    index.d.ts
    index.js
  helpers.d.ts
  helpers.js
  index.d.ts
  index.js
  [models]
    Post.model.d.ts
    Post.model.js
    User.model.d.ts
    User.model.js
    index.d.ts
    index.js
  [resolvers]
    [crud]
      [Post]
        AggregatePostResolver.d.ts
        AggregatePostResolver.js
        CreateManyPostResolver.d.ts
        CreateManyPostResolver.js
        CreatePostResolver.d.ts
        CreatePostResolver.js
        DeleteManyPostResolver.d.ts
        DeleteManyPostResolver.js
        DeletePostResolver.d.ts
        DeletePostResolver.js
        FindFirstPostResolver.d.ts
        FindFirstPostResolver.js
        FindManyPostResolver.d.ts
        FindManyPostResolver.js
        FindUniquePostResolver.d.ts
        FindUniquePostResolver.js
        GroupByPostResolver.d.ts
        GroupByPostResolver.js
        PostCrudResolver.d.ts
        PostCrudResolver.js
        UpdateManyPostResolver.d.ts
        UpdateManyPostResolver.js
        UpdatePostResolver.d.ts
        UpdatePostResolver.js
        UpsertPostResolver.d.ts
        UpsertPostResolver.js
        [args]
          AggregatePostArgs.arg.d.ts
          AggregatePostArgs.arg.js
          CreateManyPostArgs.arg.d.ts
          CreateManyPostArgs.arg.js
          CreatePostArgs.arg.d.ts
          CreatePostArgs.arg.js
          DeleteManyPostArgs.arg.d.ts
          DeleteManyPostArgs.arg.js
          DeletePostArgs.arg.d.ts
          DeletePostArgs.arg.js
          FindFirstPostArgs.arg.d.ts
          FindFirstPostArgs.arg.js
          FindManyPostArgs.arg.d.ts
          FindManyPostArgs.arg.js
          FindUniquePostArgs.arg.d.ts
          FindUniquePostArgs.arg.js
          GroupByPostArgs.arg.d.ts
          GroupByPostArgs.arg.js
          UpdateManyPostArgs.arg.d.ts
          UpdateManyPostArgs.arg.js
          UpdatePostArgs.arg.d.ts
          UpdatePostArgs.arg.js
          UpsertPostArgs.arg.d.ts
          UpsertPostArgs.arg.js
          index.d.ts
          index.js
      [User]
        AggregateUserResolver.d.ts
        AggregateUserResolver.js
        CreateManyUserResolver.d.ts
        CreateManyUserResolver.js
        CreateUserResolver.d.ts
        CreateUserResolver.js
        DeleteManyUserResolver.d.ts
        DeleteManyUserResolver.js
        DeleteUserResolver.d.ts
        DeleteUserResolver.js
        FindFirstUserResolver.d.ts
        FindFirstUserResolver.js
        FindManyUserResolver.d.ts
        FindManyUserResolver.js
        FindUniqueUserResolver.d.ts
        FindUniqueUserResolver.js
        GroupByUserResolver.d.ts
        GroupByUserResolver.js
        UpdateManyUserResolver.d.ts
        UpdateManyUserResolver.js
        UpdateUserResolver.d.ts
        UpdateUserResolver.js
        UpsertUserResolver.d.ts
        UpsertUserResolver.js
        UserCrudResolver.d.ts
        UserCrudResolver.js
        [args]
          AggregateUserArgs.arg.d.ts
          AggregateUserArgs.arg.js
          CreateManyUserArgs.arg.d.ts
          CreateManyUserArgs.arg.js
          CreateUserArgs.arg.d.ts
          CreateUserArgs.arg.js
          DeleteManyUserArgs.arg.d.ts
          DeleteManyUserArgs.arg.js
          DeleteUserArgs.arg.d.ts
          DeleteUserArgs.arg.js
          FindFirstUserArgs.arg.d.ts
          FindFirstUserArgs.arg.js
          FindManyUserArgs.arg.d.ts
          FindManyUserArgs.arg.js
          FindUniqueUserArgs.arg.d.ts
          FindUniqueUserArgs.arg.js
          GroupByUserArgs.arg.d.ts
          GroupByUserArgs.arg.js
          UpdateManyUserArgs.arg.d.ts
          UpdateManyUserArgs.arg.js
          UpdateUserArgs.arg.d.ts
          UpdateUserArgs.arg.js
          UpsertUserArgs.arg.d.ts
          UpsertUserArgs.arg.js
          index.d.ts
          index.js
      args.index.d.ts
      args.index.js
      index.d.ts
      index.js
      resolvers-actions.index.d.ts
      resolvers-actions.index.js
      resolvers-crud.index.d.ts
      resolvers-crud.index.js
    [inputs]
      EnumColorFieldUpdateOperationsInput.input.d.ts
      EnumColorFieldUpdateOperationsInput.input.js
      EnumColorFilter.input.d.ts
      EnumColorFilter.input.js
      EnumColorWithAggregatesFilter.input.d.ts
      EnumColorWithAggregatesFilter.input.js
      IntFieldUpdateOperationsInput.input.d.ts
      IntFieldUpdateOperationsInput.input.js
      IntFilter.input.d.ts
      IntFilter.input.js
      IntWithAggregatesFilter.input.d.ts
      IntWithAggregatesFilter.input.js
      NestedEnumColorFilter.input.d.ts
      NestedEnumColorFilter.input.js
      NestedEnumColorWithAggregatesFilter.input.d.ts
      NestedEnumColorWithAggregatesFilter.input.js
      NestedFloatFilter.input.d.ts
      NestedFloatFilter.input.js
      NestedIntFilter.input.d.ts
      NestedIntFilter.input.js
      NestedIntNullableFilter.input.d.ts
      NestedIntNullableFilter.input.js
      NestedIntWithAggregatesFilter.input.d.ts
      NestedIntWithAggregatesFilter.input.js
      NestedStringFilter.input.d.ts
      NestedStringFilter.input.js
      NestedStringNullableFilter.input.d.ts
      NestedStringNullableFilter.input.js
      NestedStringNullableWithAggregatesFilter.input.d.ts
      NestedStringNullableWithAggregatesFilter.input.js
      NestedStringWithAggregatesFilter.input.d.ts
      NestedStringWithAggregatesFilter.input.js
      NullableStringFieldUpdateOperationsInput.input.d.ts
      NullableStringFieldUpdateOperationsInput.input.js
      PostCreateInput.input.d.ts
      PostCreateInput.input.js
      PostCreateManyAuthorInput.input.d.ts
      PostCreateManyAuthorInput.input.js
      PostCreateManyAuthorInputEnvelope.input.d.ts
      PostCreateManyAuthorInputEnvelope.input.js
      PostCreateManyInput.input.d.ts
      PostCreateManyInput.input.js
      PostCreateNestedManyWithoutAuthorInput.input.d.ts
      PostCreateNestedManyWithoutAuthorInput.input.js
      PostCreateOrConnectWithoutAuthorInput.input.d.ts
      PostCreateOrConnectWithoutAuthorInput.input.js
      PostCreateWithoutAuthorInput.input.d.ts
      PostCreateWithoutAuthorInput.input.js
      PostListRelationFilter.input.d.ts
      PostListRelationFilter.input.js
      PostOrderByInput.input.d.ts
      PostOrderByInput.input.js
      PostScalarWhereInput.input.d.ts
      PostScalarWhereInput.input.js
      PostScalarWhereWithAggregatesInput.input.d.ts
      PostScalarWhereWithAggregatesInput.input.js
      PostUpdateInput.input.d.ts
      PostUpdateInput.input.js
      PostUpdateManyMutationInput.input.d.ts
      PostUpdateManyMutationInput.input.js
      PostUpdateManyWithWhereWithoutAuthorInput.input.d.ts
      PostUpdateManyWithWhereWithoutAuthorInput.input.js
      PostUpdateManyWithoutAuthorInput.input.d.ts
      PostUpdateManyWithoutAuthorInput.input.js
      PostUpdateWithWhereUniqueWithoutAuthorInput.input.d.ts
      PostUpdateWithWhereUniqueWithoutAuthorInput.input.js
      PostUpdateWithoutAuthorInput.input.d.ts
      PostUpdateWithoutAuthorInput.input.js
      PostUpsertWithWhereUniqueWithoutAuthorInput.input.d.ts
      PostUpsertWithWhereUniqueWithoutAuthorInput.input.js
      PostWhereInput.input.d.ts
      PostWhereInput.input.js
      PostWhereUniqueInput.input.d.ts
      PostWhereUniqueInput.input.js
      StringFieldUpdateOperationsInput.input.d.ts
      StringFieldUpdateOperationsInput.input.js
      StringFilter.input.d.ts
      StringFilter.input.js
      StringNullableFilter.input.d.ts
      StringNullableFilter.input.js
      StringNullableWithAggregatesFilter.input.d.ts
      StringNullableWithAggregatesFilter.input.js
      StringWithAggregatesFilter.input.d.ts
      StringWithAggregatesFilter.input.js
      UserCreateInput.input.d.ts
      UserCreateInput.input.js
      UserCreateManyInput.input.d.ts
      UserCreateManyInput.input.js
      UserCreateNestedOneWithoutPostsInput.input.d.ts
      UserCreateNestedOneWithoutPostsInput.input.js
      UserCreateOrConnectWithoutPostsInput.input.d.ts
      UserCreateOrConnectWithoutPostsInput.input.js
      UserCreateWithoutPostsInput.input.d.ts
      UserCreateWithoutPostsInput.input.js
      UserOrderByInput.input.d.ts
      UserOrderByInput.input.js
      UserRelationFilter.input.d.ts
      UserRelationFilter.input.js
      UserScalarWhereWithAggregatesInput.input.d.ts
      UserScalarWhereWithAggregatesInput.input.js
      UserUpdateInput.input.d.ts
      UserUpdateInput.input.js
      UserUpdateManyMutationInput.input.d.ts
      UserUpdateManyMutationInput.input.js
      UserUpdateOneRequiredWithoutPostsInput.input.d.ts
      UserUpdateOneRequiredWithoutPostsInput.input.js
      UserUpdateWithoutPostsInput.input.d.ts
      UserUpdateWithoutPostsInput.input.js
      UserUpsertWithoutPostsInput.input.d.ts
      UserUpsertWithoutPostsInput.input.js
      UserWhereInput.input.d.ts
      UserWhereInput.input.js
      UserWhereUniqueInput.input.d.ts
      UserWhereUniqueInput.input.js
      index.d.ts
      index.js
    [outputs]
      AffectedRowsOutput.output.d.ts
      AffectedRowsOutput.output.js
      AggregatePost.output.d.ts
      AggregatePost.output.js
      AggregateUser.output.d.ts
      AggregateUser.output.js
      PostAvgAggregate.output.d.ts
      PostAvgAggregate.output.js
      PostCountAggregate.output.d.ts
      PostCountAggregate.output.js
      PostGroupBy.output.d.ts
      PostGroupBy.output.js
      PostMaxAggregate.output.d.ts
      PostMaxAggregate.output.js
      PostMinAggregate.output.d.ts
      PostMinAggregate.output.js
      PostSumAggregate.output.d.ts
      PostSumAggregate.output.js
      UserAvgAggregate.output.d.ts
      UserAvgAggregate.output.js
      UserCountAggregate.output.d.ts
      UserCountAggregate.output.js
      UserGroupBy.output.d.ts
      UserGroupBy.output.js
      UserMaxAggregate.output.d.ts
      UserMaxAggregate.output.js
      UserMinAggregate.output.d.ts
      UserMinAggregate.output.js
      UserSumAggregate.output.d.ts
      UserSumAggregate.output.js
      index.d.ts
      index.js
    [relations]
      [Post]
        PostRelationsResolver.d.ts
        PostRelationsResolver.js
      [User]
        UserRelationsResolver.d.ts
        UserRelationsResolver.js
        [args]
          UserPostsArgs.arg.d.ts
          UserPostsArgs.arg.js
          index.d.ts
          index.js
      args.index.d.ts
      args.index.js
      index.d.ts
      index.js
      resolvers.index.d.ts
      resolvers.index.js
  scalars.d.ts
  scalars.js
"
`;

exports[`structure should generate proper folders and file names when model is renamed: structure 1`] = `
"
[type-graphql]
  enhance.ts
  [enums]
    Color.enum.ts
    QueryMode.enum.ts
    RenamedPostScalarFieldEnum.enum.ts
    RenamedUserScalarFieldEnum.enum.ts
    SortOrder.enum.ts
    index.ts
  helpers.ts
  index.ts
  [models]
    RenamedPost.model.ts
    RenamedUser.model.ts
    index.ts
  [resolvers]
    [crud]
      [RenamedPost]
        AggregateRenamedPostResolver.ts
        CreateManyRenamedPostResolver.ts
        CreateRenamedPostResolver.ts
        DeleteManyRenamedPostResolver.ts
        DeleteRenamedPostResolver.ts
        FindFirstRenamedPostResolver.ts
        FindManyRenamedPostResolver.ts
        FindUniqueRenamedPostResolver.ts
        GroupByRenamedPostResolver.ts
        RenamedPostCrudResolver.ts
        UpdateManyRenamedPostResolver.ts
        UpdateRenamedPostResolver.ts
        UpsertRenamedPostResolver.ts
        [args]
          AggregateRenamedPostArgs.arg.ts
          CreateManyRenamedPostArgs.arg.ts
          CreateRenamedPostArgs.arg.ts
          DeleteManyRenamedPostArgs.arg.ts
          DeleteRenamedPostArgs.arg.ts
          FindFirstRenamedPostArgs.arg.ts
          FindManyRenamedPostArgs.arg.ts
          FindUniqueRenamedPostArgs.arg.ts
          GroupByRenamedPostArgs.arg.ts
          UpdateManyRenamedPostArgs.arg.ts
          UpdateRenamedPostArgs.arg.ts
          UpsertRenamedPostArgs.arg.ts
          index.ts
      [RenamedUser]
        AggregateRenamedUserResolver.ts
        CreateManyRenamedUserResolver.ts
        CreateRenamedUserResolver.ts
        DeleteManyRenamedUserResolver.ts
        DeleteRenamedUserResolver.ts
        FindFirstRenamedUserResolver.ts
        FindManyRenamedUserResolver.ts
        FindUniqueRenamedUserResolver.ts
        GroupByRenamedUserResolver.ts
        RenamedUserCrudResolver.ts
        UpdateManyRenamedUserResolver.ts
        UpdateRenamedUserResolver.ts
        UpsertRenamedUserResolver.ts
        [args]
          AggregateRenamedUserArgs.arg.ts
          CreateManyRenamedUserArgs.arg.ts
          CreateRenamedUserArgs.arg.ts
          DeleteManyRenamedUserArgs.arg.ts
          DeleteRenamedUserArgs.arg.ts
          FindFirstRenamedUserArgs.arg.ts
          FindManyRenamedUserArgs.arg.ts
          FindUniqueRenamedUserArgs.arg.ts
          GroupByRenamedUserArgs.arg.ts
          UpdateManyRenamedUserArgs.arg.ts
          UpdateRenamedUserArgs.arg.ts
          UpsertRenamedUserArgs.arg.ts
          index.ts
      args.index.ts
      index.ts
      resolvers-actions.index.ts
      resolvers-crud.index.ts
    [inputs]
      EnumColorFieldUpdateOperationsInput.input.ts
      EnumColorFilter.input.ts
      EnumColorWithAggregatesFilter.input.ts
      IntFieldUpdateOperationsInput.input.ts
      IntFilter.input.ts
      IntWithAggregatesFilter.input.ts
      NestedEnumColorFilter.input.ts
      NestedEnumColorWithAggregatesFilter.input.ts
      NestedFloatFilter.input.ts
      NestedIntFilter.input.ts
      NestedIntNullableFilter.input.ts
      NestedIntWithAggregatesFilter.input.ts
      NestedStringFilter.input.ts
      NestedStringNullableFilter.input.ts
      NestedStringNullableWithAggregatesFilter.input.ts
      NestedStringWithAggregatesFilter.input.ts
      NullableStringFieldUpdateOperationsInput.input.ts
      RenamedPostCreateInput.input.ts
      RenamedPostCreateManyAuthorInput.input.ts
      RenamedPostCreateManyAuthorInputEnvelope.input.ts
      RenamedPostCreateManyInput.input.ts
      RenamedPostCreateNestedManyWithoutAuthorInput.input.ts
      RenamedPostCreateOrConnectWithoutAuthorInput.input.ts
      RenamedPostCreateWithoutAuthorInput.input.ts
      RenamedPostListRelationFilter.input.ts
      RenamedPostOrderByInput.input.ts
      RenamedPostScalarWhereInput.input.ts
      RenamedPostScalarWhereWithAggregatesInput.input.ts
      RenamedPostUpdateInput.input.ts
      RenamedPostUpdateManyMutationInput.input.ts
      RenamedPostUpdateManyWithWhereWithoutAuthorInput.input.ts
      RenamedPostUpdateManyWithoutAuthorInput.input.ts
      RenamedPostUpdateWithWhereUniqueWithoutAuthorInput.input.ts
      RenamedPostUpdateWithoutAuthorInput.input.ts
      RenamedPostUpsertWithWhereUniqueWithoutAuthorInput.input.ts
      RenamedPostWhereInput.input.ts
      RenamedPostWhereUniqueInput.input.ts
      RenamedUserCreateInput.input.ts
      RenamedUserCreateManyInput.input.ts
      RenamedUserCreateNestedOneWithoutPostsInput.input.ts
      RenamedUserCreateOrConnectWithoutPostsInput.input.ts
      RenamedUserCreateWithoutPostsInput.input.ts
      RenamedUserOrderByInput.input.ts
      RenamedUserRelationFilter.input.ts
      RenamedUserScalarWhereWithAggregatesInput.input.ts
      RenamedUserUpdateInput.input.ts
      RenamedUserUpdateManyMutationInput.input.ts
      RenamedUserUpdateOneRequiredWithoutPostsInput.input.ts
      RenamedUserUpdateWithoutPostsInput.input.ts
      RenamedUserUpsertWithoutPostsInput.input.ts
      RenamedUserWhereInput.input.ts
      RenamedUserWhereUniqueInput.input.ts
      StringFieldUpdateOperationsInput.input.ts
      StringFilter.input.ts
      StringNullableFilter.input.ts
      StringNullableWithAggregatesFilter.input.ts
      StringWithAggregatesFilter.input.ts
      index.ts
    [outputs]
      AffectedRowsOutput.output.ts
      AggregateRenamedPost.output.ts
      AggregateRenamedUser.output.ts
      RenamedPostAvgAggregate.output.ts
      RenamedPostCountAggregate.output.ts
      RenamedPostGroupBy.output.ts
      RenamedPostMaxAggregate.output.ts
      RenamedPostMinAggregate.output.ts
      RenamedPostSumAggregate.output.ts
      RenamedUserAvgAggregate.output.ts
      RenamedUserCountAggregate.output.ts
      RenamedUserGroupBy.output.ts
      RenamedUserMaxAggregate.output.ts
      RenamedUserMinAggregate.output.ts
      RenamedUserSumAggregate.output.ts
      index.ts
    [relations]
      [RenamedPost]
        RenamedPostRelationsResolver.ts
      [RenamedUser]
        RenamedUserRelationsResolver.ts
        [args]
          RenamedUserPostsArgs.arg.ts
          index.ts
      args.index.ts
      index.ts
      resolvers.index.ts
  scalars.ts
"
`;

exports[`structure should generate proper folders structure and file names for complex datamodel: structure 1`] = `
"
[type-graphql]
  enhance.ts
  [enums]
    Color.enum.ts
    PostScalarFieldEnum.enum.ts
    QueryMode.enum.ts
    SortOrder.enum.ts
    UserScalarFieldEnum.enum.ts
    index.ts
  helpers.ts
  index.ts
  [models]
    Post.model.ts
    User.model.ts
    index.ts
  [resolvers]
    [crud]
      [Post]
        AggregatePostResolver.ts
        CreateManyPostResolver.ts
        CreatePostResolver.ts
        DeleteManyPostResolver.ts
        DeletePostResolver.ts
        FindFirstPostResolver.ts
        FindManyPostResolver.ts
        FindUniquePostResolver.ts
        GroupByPostResolver.ts
        PostCrudResolver.ts
        UpdateManyPostResolver.ts
        UpdatePostResolver.ts
        UpsertPostResolver.ts
        [args]
          AggregatePostArgs.arg.ts
          CreateManyPostArgs.arg.ts
          CreatePostArgs.arg.ts
          DeleteManyPostArgs.arg.ts
          DeletePostArgs.arg.ts
          FindFirstPostArgs.arg.ts
          FindManyPostArgs.arg.ts
          FindUniquePostArgs.arg.ts
          GroupByPostArgs.arg.ts
          UpdateManyPostArgs.arg.ts
          UpdatePostArgs.arg.ts
          UpsertPostArgs.arg.ts
          index.ts
      [User]
        AggregateUserResolver.ts
        CreateManyUserResolver.ts
        CreateUserResolver.ts
        DeleteManyUserResolver.ts
        DeleteUserResolver.ts
        FindFirstUserResolver.ts
        FindManyUserResolver.ts
        FindUniqueUserResolver.ts
        GroupByUserResolver.ts
        UpdateManyUserResolver.ts
        UpdateUserResolver.ts
        UpsertUserResolver.ts
        UserCrudResolver.ts
        [args]
          AggregateUserArgs.arg.ts
          CreateManyUserArgs.arg.ts
          CreateUserArgs.arg.ts
          DeleteManyUserArgs.arg.ts
          DeleteUserArgs.arg.ts
          FindFirstUserArgs.arg.ts
          FindManyUserArgs.arg.ts
          FindUniqueUserArgs.arg.ts
          GroupByUserArgs.arg.ts
          UpdateManyUserArgs.arg.ts
          UpdateUserArgs.arg.ts
          UpsertUserArgs.arg.ts
          index.ts
      args.index.ts
      index.ts
      resolvers-actions.index.ts
      resolvers-crud.index.ts
    [inputs]
      EnumColorFieldUpdateOperationsInput.input.ts
      EnumColorFilter.input.ts
      EnumColorWithAggregatesFilter.input.ts
      IntFieldUpdateOperationsInput.input.ts
      IntFilter.input.ts
      IntWithAggregatesFilter.input.ts
      NestedEnumColorFilter.input.ts
      NestedEnumColorWithAggregatesFilter.input.ts
      NestedFloatFilter.input.ts
      NestedIntFilter.input.ts
      NestedIntNullableFilter.input.ts
      NestedIntWithAggregatesFilter.input.ts
      NestedStringFilter.input.ts
      NestedStringNullableFilter.input.ts
      NestedStringNullableWithAggregatesFilter.input.ts
      NestedStringWithAggregatesFilter.input.ts
      NullableStringFieldUpdateOperationsInput.input.ts
      PostCreateInput.input.ts
      PostCreateManyAuthorInput.input.ts
      PostCreateManyAuthorInputEnvelope.input.ts
      PostCreateManyInput.input.ts
      PostCreateNestedManyWithoutAuthorInput.input.ts
      PostCreateOrConnectWithoutAuthorInput.input.ts
      PostCreateWithoutAuthorInput.input.ts
      PostListRelationFilter.input.ts
      PostOrderByInput.input.ts
      PostScalarWhereInput.input.ts
      PostScalarWhereWithAggregatesInput.input.ts
      PostUpdateInput.input.ts
      PostUpdateManyMutationInput.input.ts
      PostUpdateManyWithWhereWithoutAuthorInput.input.ts
      PostUpdateManyWithoutAuthorInput.input.ts
      PostUpdateWithWhereUniqueWithoutAuthorInput.input.ts
      PostUpdateWithoutAuthorInput.input.ts
      PostUpsertWithWhereUniqueWithoutAuthorInput.input.ts
      PostWhereInput.input.ts
      PostWhereUniqueInput.input.ts
      StringFieldUpdateOperationsInput.input.ts
      StringFilter.input.ts
      StringNullableFilter.input.ts
      StringNullableWithAggregatesFilter.input.ts
      StringWithAggregatesFilter.input.ts
      UserCreateInput.input.ts
      UserCreateManyInput.input.ts
      UserCreateNestedOneWithoutPostsInput.input.ts
      UserCreateOrConnectWithoutPostsInput.input.ts
      UserCreateWithoutPostsInput.input.ts
      UserOrderByInput.input.ts
      UserRelationFilter.input.ts
      UserScalarWhereWithAggregatesInput.input.ts
      UserUpdateInput.input.ts
      UserUpdateManyMutationInput.input.ts
      UserUpdateOneRequiredWithoutPostsInput.input.ts
      UserUpdateWithoutPostsInput.input.ts
      UserUpsertWithoutPostsInput.input.ts
      UserWhereInput.input.ts
      UserWhereUniqueInput.input.ts
      index.ts
    [outputs]
      AffectedRowsOutput.output.ts
      AggregatePost.output.ts
      AggregateUser.output.ts
      PostAvgAggregate.output.ts
      PostCountAggregate.output.ts
      PostGroupBy.output.ts
      PostMaxAggregate.output.ts
      PostMinAggregate.output.ts
      PostSumAggregate.output.ts
      UserAvgAggregate.output.ts
      UserCountAggregate.output.ts
      UserGroupBy.output.ts
      UserMaxAggregate.output.ts
      UserMinAggregate.output.ts
      UserSumAggregate.output.ts
      index.ts
    [relations]
      [Post]
        PostRelationsResolver.ts
      [User]
        UserRelationsResolver.ts
        [args]
          UserPostsArgs.arg.ts
          index.ts
      args.index.ts
      index.ts
      resolvers.index.ts
  scalars.ts
"
`;
